// Jest Snapshot v1, https://goo.gl/fbAQLP

exports[`Test en <GifItem />  Debe hacer match con el snapshot 1`] = `
<div>
  <div
    class="card"
  >
    <img
      alt="Titulo card"
      src="test-url"
    />
    <p>
      Titulo card
    </p>
  </div>
</div>
`;
